../Core/Src/main.c:74:13:manual_mode	16	static
../Core/Src/main.c:112:13:random_mode	32	static
../Core/Src/main.c:150:13:lcd_print	16	static
../Core/Src/main.c:168:13:task_A	16	static
../Core/Src/main.c:177:13:task_B	24	static
../Core/Src/main.c:189:13:track_mode	16	static
../Core/Src/main.c:222:13:send_data	16	static
../Core/Src/main.c:232:6:change_mode	8	static
../Core/Src/main.c:251:13:task_E_echantillonage	16	static
../Core/Src/main.c:320:5:main	32	static
../Core/Src/main.c:474:6:subscription_callback	40	static
../Core/Src/main.c:495:6:Tracking_subscription_callback	24	static
../Core/Src/main.c:508:6:microros_task	384	static
../Core/Src/main.c:597:6:HAL_TIM_PeriodElapsedCallback	16	static
../Core/Src/main.c:605:6:Error_Handler	4	static,ignoring_inline_asm
