01:57:17 **** Incremental Build of configuration Debug for project lpc55s69_calc_starter ****
make -r -j8 all 
Building file: ../source/sysdep.c
Invoking: MCU C Compiler
arm-none-eabi-gcc -std=c17 -DCPU_LPC55S69JBD100 -DUSE_HS_SPI=1 -DBOARD_USE_CODEC=1 -DSDK_I2C_BASED_COMPONENT_USED=1 -DCODEC_WM8904_ENABLE -DSD_ENABLED -DEMBED -DFLOAT32 -DCPU_LPC55S69JBD100_cm33 -DCPU_LPC55S69JBD100_cm33_core0 -DFSL_RTOS_BM -DSDK_OS_BAREMETAL -DSDK_DEBUGCONSOLE=0 -DCR_INTEGER_PRINTF -DPRINTF_FLOAT_ENABLE=0 -DSERIAL_PORT_TYPE_UART=1 -D__MCUXPRESSO -D__USE_CMSIS -DDEBUG -D__NEWLIB__ -D__MULTICORE_MASTER -D__MULTICORE_MASTER_SLAVE_M33SLAVE -I"/home/ahmad/Documents/MCUXpresso_11.10.0_3148/workspacex/lpc55s69_calc_starter/component/osa" -I"/home/ahmad/Documents/MCUXpresso_11.10.0_3148/workspacex/lpc55s69_calc_starter/sdmmc/inc" -I"/home/ahmad/Documents/MCUXpresso_11.10.0_3148/workspacex/lpc55s69_calc_starter/drivers" -I"/home/ahmad/Documents/MCUXpresso_11.10.0_3148/workspacex/lpc55s69_calc_starter/utilities" -I"/home/ahmad/Documents/MCUXpresso_11.10.0_3148/workspacex/lpc55s69_calc_starter/component/uart" -I"/home/ahmad/Documents/MCUXpresso_11.10.0_3148/workspacex/lpc55s69_calc_starter/component/serial_manager" -I"/home/ahmad/Documents/MCUXpresso_11.10.0_3148/workspacex/lpc55s69_calc_starter/fatfs/source" -I"/home/ahmad/Documents/MCUXpresso_11.10.0_3148/workspacex/lpc55s69_calc_starter/sdmmc/host" -I"/home/ahmad/Documents/MCUXpresso_11.10.0_3148/workspacex/lpc55s69_calc_starter/component/lists" -I"/home/ahmad/Documents/MCUXpresso_11.10.0_3148/workspacex/lpc55s69_calc_starter/startup" -I"/home/ahmad/Documents/MCUXpresso_11.10.0_3148/workspacex/lpc55s69_calc_starter/device" -I"/home/ahmad/Documents/MCUXpresso_11.10.0_3148/workspacex/lpc55s69_calc_starter/board" -I"/home/ahmad/Documents/MCUXpresso_11.10.0_3148/workspacex/lpc55s69_calc_starter/CMSIS" -I"/home/ahmad/Documents/MCUXpresso_11.10.0_3148/workspacex/lpc55s69_calc_starter/source" -I"/home/ahmad/Documents/MCUXpresso_11.10.0_3148/workspacex/lpc55s69_calc_starter/codec/port/wm8904" -I"/home/ahmad/Documents/MCUXpresso_11.10.0_3148/workspacex/lpc55s69_calc_starter/codec/port" -I"/home/ahmad/Documents/MCUXpresso_11.10.0_3148/workspacex/lpc55s69_calc_starter/component/i2c" -I"/home/ahmad/Documents/MCUXpresso_11.10.0_3148/workspacex/lpc55s69_calc_starter/codec" -I"/home/ahmad/Documents/MCUXpresso_11.10.0_3148/workspacex/lpc55s69_calc_starter/lcd" -I"/home/ahmad/Documents/MCUXpresso_11.10.0_3148/workspacex/lpc55s69_calc_starter/sdmmc/osa" -I"/home/ahmad/Documents/MCUXpresso_11.10.0_3148/workspacex/lpc55s69_calc_starter/component/osa" -I"/home/ahmad/Documents/MCUXpresso_11.10.0_3148/workspacex/lpc55s69_calc_starter/sdmmc/inc" -I"/home/ahmad/Documents/MCUXpresso_11.10.0_3148/workspacex/lpc55s69_calc_starter/drivers" -I"/home/ahmad/Documents/MCUXpresso_11.10.0_3148/workspacex/lpc55s69_calc_starter/utilities" -I"/home/ahmad/Documents/MCUXpresso_11.10.0_3148/workspacex/lpc55s69_calc_starter/component/uart" -I"/home/ahmad/Documents/MCUXpresso_11.10.0_3148/workspacex/lpc55s69_calc_starter/component/serial_manager" -I"/home/ahmad/Documents/MCUXpresso_11.10.0_3148/workspacex/lpc55s69_calc_starter/fatfs/source" -I"/home/ahmad/Documents/MCUXpresso_11.10.0_3148/workspacex/lpc55s69_calc_starter/sdmmc/host" -I"/home/ahmad/Documents/MCUXpresso_11.10.0_3148/workspacex/lpc55s69_calc_starter/component/lists" -I"/home/ahmad/Documents/MCUXpresso_11.10.0_3148/workspacex/lpc55s69_calc_starter/startup" -I"/home/ahmad/Documents/MCUXpresso_11.10.0_3148/workspacex/lpc55s69_calc_starter/device" -I"/home/ahmad/Documents/MCUXpresso_11.10.0_3148/workspacex/lpc55s69_calc_starter/board" -I"/home/ahmad/Documents/MCUXpresso_11.10.0_3148/workspacex/lpc55s69_calc_starter/CMSIS" -I"/home/ahmad/Documents/MCUXpresso_11.10.0_3148/workspacex/lpc55s69_calc_starter/source" -I"/home/ahmad/Documents/MCUXpresso_11.10.0_3148/workspacex/lpc55s69_calc_starter/codec/port/wm8904" -I"/home/ahmad/Documents/MCUXpresso_11.10.0_3148/workspacex/lpc55s69_calc_starter/codec/port" -I"/home/ahmad/Documents/MCUXpresso_11.10.0_3148/workspacex/lpc55s69_calc_starter/component/i2c" -I"/home/ahmad/Documents/MCUXpresso_11.10.0_3148/workspacex/lpc55s69_calc_starter/codec" -I"/home/ahmad/Documents/MCUXpresso_11.10.0_3148/workspacex/lpc55s69_calc_starter/lcd" -I"/home/ahmad/Documents/MCUXpresso_11.10.0_3148/workspacex/lpc55s69_calc_starter/LPC55S69/drivers" -O0 -fno-common -g3 -gdwarf-4 -Wall -c -ffunction-sections -fdata-sections -ffreestanding -fno-builtin -fmerge-constants -fmacro-prefix-map="../source/"= -mcpu=cortex-m33 -mfpu=fpv5-sp-d16 -mfloat-abi=hard -mthumb -D__NEWLIB__ -fstack-usage -MMD -MP -MF"source/sysdep.d" -MT"source/sysdep.o" -MT"source/sysdep.d" -o "source/sysdep.o" "../source/sysdep.c"
../source/sysdep.c: In function 'sys_wait':
../source/sysdep.c:353:22: warning: variable 'c' set but not used [-Wunused-but-set-variable]
  353 |                 char c;
      |                      ^
../source/sysdep.c: In function 'update_sd_state':
../source/sysdep.c:447:21: warning: unused variable 'driverNumberBuffer' [-Wunused-variable]
  447 |         const TCHAR driverNumberBuffer[3U] = {SDDISK + '0', ':', '/'};
      |                     ^~~~~~~~~~~~~~~~~~
../source/sysdep.c: In function '_open':
../source/sysdep.c:603:17: warning: unused variable 'res' [-Wunused-variable]
  603 |         FRESULT res;
      |                 ^~~
../source/sysdep.c: At top level:
../source/sysdep.c:436:13: warning: 'card_detect_cb' defined but not used [-Wunused-function]
  436 | static void card_detect_cb(bool isInserted, void *userData)
      |             ^~~~~~~~~~~~~~
../source/sysdep.c:398:13: warning: 'sd_info' defined but not used [-Wunused-function]
  398 | static void sd_info(sd_card_t *card)
      |             ^~~~~~~
../source/sysdep.c:364:14: warning: 'fs' defined but not used [-Wunused-variable]
  364 | static FATFS fs;
      |              ^~
../source/sysdep.c: In function 'update_sd_state':
../source/sysdep.c:455:20: warning: 'res' may be used uninitialized [-Wmaybe-uninitialized]
  455 |                 if (res!=FR_OK) return;
      |                    ^
../source/sysdep.c:446:17: note: 'res' was declared here
  446 |         FRESULT res;
      |                 ^~~
Finished building: ../source/sysdep.c
 
Building target: lpc55s69_calc_starter.axf
Invoking: MCU Linker
arm-none-eabi-gcc -nostdlib -L"/home/ahmad/Documents/MCUXpresso_11.10.0_3148/workspacex/lpc55s69_calc_starter/LPC55S69/mcuxpresso" -Xlinker -Map="lpc55s69_calc_starter.map" -Xlinker --gc-sections -Xlinker -print-memory-usage -Xlinker --sort-section=alignment -Xlinker --cref -mcpu=cortex-m33 -mfpu=fpv5-sp-d16 -mfloat-abi=hard -mthumb -T lpc55s69_calc_starter_Debug.ld -o "lpc55s69_calc_starter.axf" ./utilities/fsl_assert.o ./utilities/fsl_debug_console.o ./utilities/fsl_str.o  ./startup/boot_multicore_slave.o ./startup/startup_lpc55s69_cm33_core0.o  ./source/calc.o ./source/dsp.o ./source/edit.o ./source/funcs.o ./source/graphics.o ./source/io.o ./source/scan.o ./source/semihost_hardfault.o ./source/solver.o ./source/spread.o ./source/stack.o ./source/sysdep.o ./source/sysdep_pcm.o  ./sdmmc/src/fsl_sd.o ./sdmmc/src/fsl_sdmmc_common.o  ./sdmmc/osa/fsl_sdmmc_osa.o  ./sdmmc/host/fsl_sdmmc_host.o  ./lcd/fonts/fixed12.o ./lcd/fonts/fixed16.o ./lcd/fonts/fixed20.o ./lcd/fonts/fixed24.o ./lcd/fonts/fixed8.o  ./lcd/fsl_ili9341.o ./lcd/lcd.o ./lcd/lcd_dpy.o ./lcd/lcd_private.o ./lcd/lcd_ts.o  ./fatfs/source/diskio.o ./fatfs/source/ff.o ./fatfs/source/ffsystem.o ./fatfs/source/ffunicode.o  ./drivers/fsl_clock.o ./drivers/fsl_common.o ./drivers/fsl_common_arm.o ./drivers/fsl_ctimer.o ./drivers/fsl_dma.o ./drivers/fsl_flexcomm.o ./drivers/fsl_gpio.o ./drivers/fsl_i2c.o ./drivers/fsl_i2s.o ./drivers/fsl_i2s_dma.o ./drivers/fsl_power.o ./drivers/fsl_powerquad_basic.o ./drivers/fsl_powerquad_data.o ./drivers/fsl_powerquad_filter.o ./drivers/fsl_powerquad_math.o ./drivers/fsl_powerquad_matrix.o ./drivers/fsl_powerquad_transform.o ./drivers/fsl_reset.o ./drivers/fsl_sdif.o ./drivers/fsl_spi.o ./drivers/fsl_sysctl.o ./drivers/fsl_usart.o  ./device/system_LPC55S69_cm33_core0.o  ./component/uart/fsl_adapter_usart.o  ./component/serial_manager/fsl_component_serial_manager.o ./component/serial_manager/fsl_component_serial_port_uart.o  ./component/osa/fsl_os_abstraction_bm.o  ./component/lists/fsl_component_generic_list.o  ./component/i2c/fsl_adapter_flexcomm_i2c.o  ./codec/port/wm8904/fsl_codec_wm8904_adapter.o  ./codec/fsl_codec_common.o ./codec/fsl_codec_i2c.o ./codec/fsl_wm8904.o  ./board/board.o ./board/clock_config.o ./board/peripherals.o ./board/pin_mux.o  ./LPC55S69/drivers/fsl_power.o    "/home/ahmad/Documents/MCUXpresso_11.10.0_3148/workspacex/lpcxpresso55s69_mailbox_interrupt_cm33_core1/Debug/lpcxpresso55s69_mailbox_interrupt_cm33_core1.axf.o" -lpower_hardabi
Memory region         Used Size  Region Size  %age Used
   PROGRAM_FLASH:      289264 B       576 KB     49.04%
            SRAM:       54048 B        96 KB     54.98%
        CALC_RAM:          0 GB        96 KB      0.00%
      SRAM_CORE1:        7160 B        48 KB     14.57%
        SRAM4_PQ:          0 GB        16 KB      0.00%
           SRAMX:          0 GB        32 KB      0.00%
         USB_RAM:          0 GB        16 KB      0.00%
           shmem:          0 GB        16 KB      0.00%
Finished building target: lpc55s69_calc_starter.axf
 
Performing post-build steps
arm-none-eabi-size "lpc55s69_calc_starter.axf"; # arm-none-eabi-objcopy -v -O binary "lpc55s69_calc_starter.axf" "lpc55s69_calc_starter.bin" ; # checksum -p LPC55S69 -d "lpc55s69_calc_starter.bin";
   text	   data	    bss	    dec	    hex	filename
 287144	   2120	  51488	 340752	  53310	lpc55s69_calc_starter.axf
 

01:57:18 Build Finished. 0 errors, 7 warnings. (took 727ms)

