../Core/Src/main.c:62:6:HAL_GPIO_EXTI_Callback	16	static
../Core/Src/main.c:97:5:main	8	static
../Core/Src/main.c:179:6:SystemClock_Config	88	static
../Core/Src/main.c:226:13:MX_ADC1_Init	24	static
../Core/Src/main.c:305:13:MX_TIM3_Init	56	static
../Core/Src/main.c:354:13:MX_USART2_UART_Init	8	static
../Core/Src/main.c:385:13:MX_DMA_Init	16	static
../Core/Src/main.c:403:13:MX_GPIO_Init	48	static
../Core/Src/main.c:453:14:ConvertADCtoG	16	static
../Core/Src/main.c:458:6:HAL_ADC_ConvCpltCallback	72	static
../Core/Src/main.c:515:6:Error_Handler	4	static,ignoring_inline_asm
